
连接器　版本8.7.2.161220
Input Object File: G:\xml\640\HT66F018\HT66F018.OBJ
Input Object File: G:\xml\640\HT66F018\STARTUP1_L.OBJ

Input Library File: G:\xml\HT-IDE3000V7.93\LIB\LIBHOLTEKGCC.LIB
Input Library File: G:\xml\HT-IDE3000V7.93\LIB\v3_tabrd_mrsc.lib


     Bank    Start     End      Length     Class    AvgIns    Name
     00h     0000h     0000h    0001h      CODE               @code (G:\xml\640\HT66F018\HT66F018.OBJ)
     00h     0001h     0001h    0001h      CODE               @start (G:\xml\640\HT66F018\HT66F018.OBJ)
     00h     0002h     000fh    000eh      CODE               _main (G:\xml\640\HT66F018\HT66F018.OBJ)
     00h     0010h     0013h    0004h      CODE               @TM1_int_code (G:\xml\640\HT66F018\HT66F018.OBJ)
     00h     0014h     0043h    0030h      CODE               @crom (G:\xml\640\HT66F018\HT66F018.OBJ)
     00h     0044h     008bh    0048h      CODE               _TM1_int (G:\xml\640\HT66F018\HT66F018.OBJ)
     00h     008ch     00d7h    004ch      CODE               _FIFO_READ (G:\xml\640\HT66F018\HT66F018.OBJ)
     00h     00d8h     0114h    003dh      CODE               _SPI_WRITE (G:\xml\640\HT66F018\HT66F018.OBJ)
     00h     0115h     015fh    004bh      CODE               _SPI_READ (G:\xml\640\HT66F018\HT66F018.OBJ)
     00h     0160h     0203h    00a4h      CODE               _CMT_init (G:\xml\640\HT66F018\HT66F018.OBJ)
     00h     0204h     023eh    003bh      CODE               _CMT_RX (G:\xml\640\HT66F018\HT66F018.OBJ)
     00h     023fh     0278h    003ah      CODE               _initail (G:\xml\640\HT66F018\HT66F018.OBJ)
     00h     0279h     027ch    0004h      CODE               __DELAY (G:\xml\HT-IDE3000V7.93\LIB\LIBHOLTEKGCC.LIB)
     00h     027dh     0286h    000ah      CODE               __DELAYX (G:\xml\HT-IDE3000V7.93\LIB\LIBHOLTEKGCC.LIB)
     00h     0287h     0294h    000eh      CODE               _builtin_holtek_delay_isr00 (G:\xml\HT-IDE3000V7.93\LIB\LIBHOLTEKGCC.LIB)
     00h     0295h     02a4h    0010h      CODE               _CROM2PROM (CROM2PROM)
     00h     00a0h     00d5h    0036h      DATA     0.5       @HCCINIT0 (G:\xml\640\HT66F018\HT66F018.OBJ)
     00h     00d6h     00d6h    0001h      DATA     98        @data_ra (G:\xml\HT-IDE3000V7.93\LIB\LIBHOLTEKGCC.LIB)
     00h     00d7h     00d7h    0001h      DATA     6         @data_rb (G:\xml\HT-IDE3000V7.93\LIB\LIBHOLTEKGCC.LIB)
     00h     00d8h     00d8h    0001h      DATA     2         @data_r110 (isr:ra~rh)
     00h     00d9h     00d9h    0001h      DATA     2         @data_r210 (isr:ra~rh)
     00h     00dah     00dah    0001h      DATA     23        @data_ra10 (isr:ra~rh)
     00h     00dbh     00dbh    0001h      DATA     3         @data_rb10 (isr:ra~rh)
     00h     00dch     00dch    0001h      DATA     2         @data_rc10 (isr:ra~rh)
     00h     00ddh     00ddh    0001h      DATA     2         @data_rd10 (isr:ra~rh)

     Local Sections

     Bank    Start     End      Length     Class    AvgIns    Name
     00h     00deh     00deh    0000h      LOCAL    0         @dummy16 (G:\xml\640\HT66F018\HT66F018.OBJ)
     00h     00deh     00deh    0000h      LOCAL    0         _TM1_int (G:\xml\640\HT66F018\HT66F018.OBJ)
     00h     00e3h     00e3h    0000h      LOCAL    0         @dummy (G:\xml\640\HT66F018\HT66F018.OBJ)
     00h     00e3h     00e3h    0000h      LOCAL    0         _main (G:\xml\640\HT66F018\HT66F018.OBJ)
     00h     00e3h     00e3h    0000h      LOCAL    0         _initail (G:\xml\640\HT66F018\HT66F018.OBJ)
     00h     00e1h     00e2h    0002h      LOCAL    17        _CMT_init (G:\xml\640\HT66F018\HT66F018.OBJ)
     00h     00deh     00e0h    0003h      LOCAL    12.333    _SPI_WRITE (G:\xml\640\HT66F018\HT66F018.OBJ)
     00h     00deh     00deh    0000h      LOCAL    0         __DELAY (G:\xml\HT-IDE3000V7.93\LIB\LIBHOLTEKGCC.LIB)
     00h     00deh     00deh    0001h      LOCAL    3         _builtin_holtek_delay_isr00 (G:\xml\HT-IDE3000V7.93\LIB\LIBHOLTEKGCC.LIB)
     00h     00deh     00e0h    0003h      LOCAL    6         _SPI_READ (G:\xml\640\HT66F018\HT66F018.OBJ)
     00h     00deh     00deh    0000h      LOCAL    0         __DELAYX (G:\xml\HT-IDE3000V7.93\LIB\LIBHOLTEKGCC.LIB)
     00h     00deh     00deh    0000h      LOCAL    0         _Crom2Prom (CROM2PROM)
     00h     00e2h     00e2h    0000h      LOCAL    0         _CMT_RX (G:\xml\640\HT66F018\HT66F018.OBJ)
     00h     00deh     00e1h    0004h      LOCAL    5         _FIFO_READ (G:\xml\640\HT66F018\HT66F018.OBJ)

     Public Symbols Information
     Address            Public by Name
     0204h              _CMT_RX
     0160h              _CMT_init
     0295h              _Crom2Prom
     0295h              _Crom2PromNext
     008ch              _FIFO_READ
     0115h              _SPI_READ
     00d8h              _SPI_WRITE
     0044h              _TM1_int
     027ah              __DELAY0
     027ah              __DELAY1
     0279h              __DELAY2
     0279h              __DELAY3
     0280h              __DELAYX0
     027fh              __DELAYX1
     027fh              __DELAYX2
     027eh              __DELAYX3
     027eh              __DELAYX4
     027dh              __DELAYX5
     027dh              __DELAYX6
     0289h              __DELAYY0_isr00
     0289h              __DELAYY1_isr00
     0288h              __DELAYY2_isr00
     0288h              __DELAYY3_isr00
     0287h              __DELAYY4_isr00
     0287h              __DELAYY5_isr00
     00a0h              _a_100ms
     00a2h              _a_10ms
     00d4h              _a_bz
     00a1h              _a_count
     00afh              _a_data
     00a3h              _a_k1_high
     00a4h              _a_k1_low
     00a5h              _a_k2_high
     00a6h              _a_k2_low
     00a7h              _a_k3_high
     00a8h              _a_k3_low
     00a9h              _a_k4_high
     00aah              _a_k4_low
     00abh              _a_k5_high
     00ach              _a_k5_low
     00b4h              _a_read
     00b0h              _a_rx
     0014h              _c_cmt_init
     00adh              _f_flag
     023fh              _initail
     0002h              _main
     00d8h              r110
     00d9h              r210
     00d6h              ra
     00dah              ra10
     00d7h              rb
     00dbh              rb10
     00dch              rc10
     00ddh              rd10

     Address            Public by Value
     0002h              _main
     0014h              _c_cmt_init
     0044h              _TM1_int
     008ch              _FIFO_READ
     00a0h              _a_100ms
     00a1h              _a_count
     00a2h              _a_10ms
     00a3h              _a_k1_high
     00a4h              _a_k1_low
     00a5h              _a_k2_high
     00a6h              _a_k2_low
     00a7h              _a_k3_high
     00a8h              _a_k3_low
     00a9h              _a_k4_high
     00aah              _a_k4_low
     00abh              _a_k5_high
     00ach              _a_k5_low
     00adh              _f_flag
     00afh              _a_data
     00b0h              _a_rx
     00b4h              _a_read
     00d4h              _a_bz
     00d6h              ra
     00d7h              rb
     00d8h              _SPI_WRITE
     00d8h              r110
     00d9h              r210
     00dah              ra10
     00dbh              rb10
     00dch              rc10
     00ddh              rd10
     0115h              _SPI_READ
     0160h              _CMT_init
     0204h              _CMT_RX
     023fh              _initail
     0279h              __DELAY3
     0279h              __DELAY2
     027ah              __DELAY1
     027ah              __DELAY0
     027dh              __DELAYX6
     027dh              __DELAYX5
     027eh              __DELAYX4
     027eh              __DELAYX3
     027fh              __DELAYX2
     027fh              __DELAYX1
     0280h              __DELAYX0
     0287h              __DELAYY5_isr00
     0287h              __DELAYY4_isr00
     0288h              __DELAYY3_isr00
     0288h              __DELAYY2_isr00
     0289h              __DELAYY1_isr00
     0289h              __DELAYY0_isr00
     0295h              _Crom2Prom
     0295h              _Crom2PromNext


ROM Usage Statistics
     Size      Used     Percentage
     1000h     02a5h    16%

RAM Usage Statistics
    Bank      Size      Used     Percentage
     00h       0060h     0043h    69%
     01h       0060h     0000h    0%
     Total     00c0h     0043h    34%

Use Stack Count
_TM1_int: 0
_main: 4

Call Tree
    @dummy16
        _TM1_int (0)
    @dummy
        _main (0)
            _initail (1)
                _CMT_init (2)
                    _SPI_WRITE (3)
                        __DELAY (4)
                    _builtin_holtek_delay_isr00 (3)
                    _SPI_READ (3)
                        __DELAYX (4)
                    _Crom2Prom (3)
            _CMT_RX (1)
                _FIFO_READ (2)
                    __DELAYX (3)
                _SPI_WRITE (2)
                    __DELAY (3)

HLINK : 程序的开始执行点在程序段'@code'（地址0）。定义在'G:\xml\640\HT66F018\HT66F018.OBJ' 文件中

错误总数 : 0  警告总数 : 0
